// Jest Snapshot v1, https://goo.gl/fbAQLP

exports[`error view show error view on dom 1`] = `"<div>Something went wrong: 401</div>"`;

exports[`error view show error view on dom 2`] = `"<div>Something went wrong: 404</div>"`;

exports[`error view show error view on dom 3`] = `"<div>Something went wrong: 500</div>"`;
