// Jest Snapshot v1, https://goo.gl/fbAQLP

exports[`Loading view show loading view 1`] = `
<div>
  Loading ....
</div>
`;

exports[`Loading view show loading view on dom 1`] = `"<div>Loading ....</div>"`;
