// Jest Snapshot v1, https://goo.gl/fbAQLP

exports[`user list page show user first name on dom 1`] = `"<h1>List users</h1><li><a href=\\"/users/1/edit\\">Ola Nordmann</a></li>"`;
